[31mX [41;31m[[41;97mERROR[41;31m][0m [1mTS2307: Cannot find module '../../data/rescue-cases.data' or its corresponding type declarations.[0m [1m[35m[plugin angular-compiler][0m

    src/app/core/services/rescue-cases.service.ts:3:29:
[37m      3 │ import { RESCUE_CASES } from [32m'../../data/rescue-cases.data'[37m;
        ╵                              [32m~~~~~~~~~~~~~~~~~~~~~~~~~~~~~~[0m


[31mX [41;31m[[41;97mERROR[41;31m][0m [1mTS7006: Parameter 'item' implicitly has an 'any' type.[0m [1m[35m[plugin angular-compiler][0m

    src/app/core/services/rescue-cases.service.ts:13:28:
[37m      13 │     return this.cases.find(([32mitem[37m) => item.slug === slug);
         ╵                             [32m~~~~[0m


[31mX [41;31m[[41;97mERROR[41;31m][0m [1mTS7006: Parameter 'item' implicitly has an 'any' type.[0m [1m[35m[plugin angular-compiler][0m

    src/app/core/services/rescue-cases.service.ts:17:30:
[37m      17 │     return this.cases.filter(([32mitem[37m) => item.featured);
         ╵                               [32m~~~~[0m


[31mX [41;31m[[41;97mERROR[41;31m][0m [1mTS7006: Parameter 'item' implicitly has an 'any' type.[0m [1m[35m[plugin angular-compiler][0m

    src/app/core/services/rescue-cases.service.ts:25:30:
[37m      25 │     return this.cases.filter(([32mitem[37m) => item.status === status);
         ╵                               [32m~~~~[0m


[31mX [41;31m[[41;97mERROR[41;31m][0m [1mCould not resolve "../../data/rescue-cases.data"[0m

    src/app/core/services/rescue-cases.service.ts:2:29:
[37m      2 │ import { RESCUE_CASES } from [32m'../../data/rescue-cases.data'[37m;
        ╵                              [32m~~~~~~~~~~~~~~~~~~~~~~~~~~~~~~[0m


[31mX [41;31m[[41;97mERROR[41;31m][0m [1mTS2307: Cannot find module '../../data/rescue-cases.data' or its corresponding type declarations.[0m [1m[35m[plugin angular-compiler][0m

    src/app/core/services/rescue-cases.service.ts:3:29:
[37m      3 │ import { RESCUE_CASES } from [32m'../../data/rescue-cases.data'[37m;
        ╵                              [32m~~~~~~~~~~~~~~~~~~~~~~~~~~~~~~[0m


[31mX [41;31m[[41;97mERROR[41;31m][0m [1mTS7006: Parameter 'item' implicitly has an 'any' type.[0m [1m[35m[plugin angular-compiler][0m

    src/app/core/services/rescue-cases.service.ts:13:28:
[37m      13 │     return this.cases.find(([32mitem[37m) => item.slug === slug);
         ╵                             [32m~~~~[0m


[31mX [41;31m[[41;97mERROR[41;31m][0m [1mTS7006: Parameter 'item' implicitly has an 'any' type.[0m [1m[35m[plugin angular-compiler][0m

    src/app/core/services/rescue-cases.service.ts:17:30:
[37m      17 │     return this.cases.filter(([32mitem[37m) => item.featured);
         ╵                               [32m~~~~[0m


[31mX [41;31m[[41;97mERROR[41;31m][0m [1mTS7006: Parameter 'item' implicitly has an 'any' type.[0m [1m[35m[plugin angular-compiler][0m

    src/app/core/services/rescue-cases.service.ts:25:30:
[37m      25 │     return this.cases.filter(([32mitem[37m) => item.status === status);
         ╵                               [32m~~~~[0m


[31mX [41;31m[[41;97mERROR[41;31m][0m [1mCould not resolve "../../data/rescue-cases.data"[0m

    src/app/core/services/rescue-cases.service.ts:2:29:
[37m      2 │ import { RESCUE_CASES } from [32m'../../data/rescue-cases.data'[37m;
        ╵                              [32m~~~~~~~~~~~~~~~~~~~~~~~~~~~~~~[0m


[31mX [41;31m[[41;97mERROR[41;31m][0m [1mTS2307: Cannot find module '../../data/rescue-cases.data' or its corresponding type declarations.[0m [1m[35m[plugin angular-compiler][0m

    src/app/core/services/rescue-cases.service.ts:3:29:
[37m      3 │ import { RESCUE_CASES } from [32m'../../data/rescue-cases.data'[37m;
        ╵                              [32m~~~~~~~~~~~~~~~~~~~~~~~~~~~~~~[0m


[31mX [41;31m[[41;97mERROR[41;31m][0m [1mTS7006: Parameter 'item' implicitly has an 'any' type.[0m [1m[35m[plugin angular-compiler][0m

    src/app/core/services/rescue-cases.service.ts:13:28:
[37m      13 │     return this.cases.find(([32mitem[37m) => item.slug === slug);
         ╵                             [32m~~~~[0m


[31mX [41;31m[[41;97mERROR[41;31m][0m [1mTS7006: Parameter 'item' implicitly has an 'any' type.[0m [1m[35m[plugin angular-compiler][0m

    src/app/core/services/rescue-cases.service.ts:17:30:
[37m      17 │     return this.cases.filter(([32mitem[37m) => item.featured);
         ╵                               [32m~~~~[0m


[31mX [41;31m[[41;97mERROR[41;31m][0m [1mTS7006: Parameter 'item' implicitly has an 'any' type.[0m [1m[35m[plugin angular-compiler][0m

    src/app/core/services/rescue-cases.service.ts:25:30:
[37m      25 │     return this.cases.filter(([32mitem[37m) => item.status === status);
         ╵                               [32m~~~~[0m


[31mX [41;31m[[41;97mERROR[41;31m][0m [1mCould not resolve "../../data/rescue-cases.data"[0m

    src/app/core/services/rescue-cases.service.ts:2:29:
[37m      2 │ import { RESCUE_CASES } from [32m'../../data/rescue-cases.data'[37m;
        ╵                              [32m~~~~~~~~~~~~~~~~~~~~~~~~~~~~~~[0m


[31mX [41;31m[[41;97mERROR[41;31m][0m [1mTS2307: Cannot find module '../../data/rescue-cases.data' or its corresponding type declarations.[0m [1m[35m[plugin angular-compiler][0m

    src/app/core/services/rescue-cases.service.ts:3:29:
[37m      3 │ import { RESCUE_CASES } from [32m'../../data/rescue-cases.data'[37m;
        ╵                              [32m~~~~~~~~~~~~~~~~~~~~~~~~~~~~~~[0m


[31mX [41;31m[[41;97mERROR[41;31m][0m [1mTS7006: Parameter 'item' implicitly has an 'any' type.[0m [1m[35m[plugin angular-compiler][0m

    src/app/core/services/rescue-cases.service.ts:13:28:
[37m      13 │     return this.cases.find(([32mitem[37m) => item.slug === slug);
         ╵                             [32m~~~~[0m


[31mX [41;31m[[41;97mERROR[41;31m][0m [1mTS7006: Parameter 'item' implicitly has an 'any' type.[0m [1m[35m[plugin angular-compiler][0m

    src/app/core/services/rescue-cases.service.ts:17:30:
[37m      17 │     return this.cases.filter(([32mitem[37m) => item.featured);
         ╵                               [32m~~~~[0m


[31mX [41;31m[[41;97mERROR[41;31m][0m [1mTS7006: Parameter 'item' implicitly has an 'any' type.[0m [1m[35m[plugin angular-compiler][0m

    src/app/core/services/rescue-cases.service.ts:25:30:
[37m      25 │     return this.cases.filter(([32mitem[37m) => item.status === status);
         ╵                               [32m~~~~[0m


[31mX [41;31m[[41;97mERROR[41;31m][0m [1mCould not resolve "../../data/rescue-cases.data"[0m

    src/app/core/services/rescue-cases.service.ts:2:29:
[37m      2 │ import { RESCUE_CASES } from [32m'../../data/rescue-cases.data'[37m;
        ╵                              [32m~~~~~~~~~~~~~~~~~~~~~~~~~~~~~~[0m


[31mX [41;31m[[41;97mERROR[41;31m][0m [1mTS2307: Cannot find module '../../data/rescue-cases.data' or its corresponding type declarations.[0m [1m[35m[plugin angular-compiler][0m

    src/app/core/services/rescue-cases.service.ts:3:29:
[37m      3 │ import { RESCUE_CASES } from [32m'../../data/rescue-cases.data'[37m;
        ╵                              [32m~~~~~~~~~~~~~~~~~~~~~~~~~~~~~~[0m


[31mX [41;31m[[41;97mERROR[41;31m][0m [1mTS7006: Parameter 'item' implicitly has an 'any' type.[0m [1m[35m[plugin angular-compiler][0m

    src/app/core/services/rescue-cases.service.ts:13:28:
[37m      13 │     return this.cases.find(([32mitem[37m) => item.slug === slug);
         ╵                             [32m~~~~[0m


[31mX [41;31m[[41;97mERROR[41;31m][0m [1mTS7006: Parameter 'item' implicitly has an 'any' type.[0m [1m[35m[plugin angular-compiler][0m

    src/app/core/services/rescue-cases.service.ts:17:30:
[37m      17 │     return this.cases.filter(([32mitem[37m) => item.featured);
         ╵                               [32m~~~~[0m


[31mX [41;31m[[41;97mERROR[41;31m][0m [1mTS7006: Parameter 'item' implicitly has an 'any' type.[0m [1m[35m[plugin angular-compiler][0m

    src/app/core/services/rescue-cases.service.ts:25:30:
[37m      25 │     return this.cases.filter(([32mitem[37m) => item.status === status);
         ╵                               [32m~~~~[0m


[31mX [41;31m[[41;97mERROR[41;31m][0m [1mCould not resolve "../../data/rescue-cases.data"[0m

    src/app/core/services/rescue-cases.service.ts:2:29:
[37m      2 │ import { RESCUE_CASES } from [32m'../../data/rescue-cases.data'[37m;
        ╵                              [32m~~~~~~~~~~~~~~~~~~~~~~~~~~~~~~[0m


[31mX [41;31m[[41;97mERROR[41;31m][0m [1mTS2307: Cannot find module '../../data/rescue-cases.data' or its corresponding type declarations.[0m [1m[35m[plugin angular-compiler][0m

    src/app/core/services/rescue-cases.service.ts:3:29:
[37m      3 │ import { RESCUE_CASES } from [32m'../../data/rescue-cases.data'[37m;
        ╵                              [32m~~~~~~~~~~~~~~~~~~~~~~~~~~~~~~[0m


[31mX [41;31m[[41;97mERROR[41;31m][0m [1mTS7006: Parameter 'item' implicitly has an 'any' type.[0m [1m[35m[plugin angular-compiler][0m

    src/app/core/services/rescue-cases.service.ts:13:28:
[37m      13 │     return this.cases.find(([32mitem[37m) => item.slug === slug);
         ╵                             [32m~~~~[0m


[31mX [41;31m[[41;97mERROR[41;31m][0m [1mTS7006: Parameter 'item' implicitly has an 'any' type.[0m [1m[35m[plugin angular-compiler][0m

    src/app/core/services/rescue-cases.service.ts:17:30:
[37m      17 │     return this.cases.filter(([32mitem[37m) => item.featured);
         ╵                               [32m~~~~[0m


[31mX [41;31m[[41;97mERROR[41;31m][0m [1mTS7006: Parameter 'item' implicitly has an 'any' type.[0m [1m[35m[plugin angular-compiler][0m

    src/app/core/services/rescue-cases.service.ts:25:30:
[37m      25 │     return this.cases.filter(([32mitem[37m) => item.status === status);
         ╵                               [32m~~~~[0m


[31mX [41;31m[[41;97mERROR[41;31m][0m [1mCould not resolve "../../data/rescue-cases.data"[0m

    src/app/core/services/rescue-cases.service.ts:2:29:
[37m      2 │ import { RESCUE_CASES } from [32m'../../data/rescue-cases.data'[37m;
        ╵                              [32m~~~~~~~~~~~~~~~~~~~~~~~~~~~~~~[0m


[31mX [41;31m[[41;97mERROR[41;31m][0m [1mTS2307: Cannot find module '../../data/rescue-cases.data' or its corresponding type declarations.[0m [1m[35m[plugin angular-compiler][0m

    src/app/core/services/rescue-cases.service.ts:3:29:
[37m      3 │ import { RESCUE_CASES } from [32m'../../data/rescue-cases.data'[37m;
        ╵                              [32m~~~~~~~~~~~~~~~~~~~~~~~~~~~~~~[0m


[31mX [41;31m[[41;97mERROR[41;31m][0m [1mTS7006: Parameter 'item' implicitly has an 'any' type.[0m [1m[35m[plugin angular-compiler][0m

    src/app/core/services/rescue-cases.service.ts:13:28:
[37m      13 │     return this.cases.find(([32mitem[37m) => item.slug === slug);
         ╵                             [32m~~~~[0m


[31mX [41;31m[[41;97mERROR[41;31m][0m [1mTS7006: Parameter 'item' implicitly has an 'any' type.[0m [1m[35m[plugin angular-compiler][0m

    src/app/core/services/rescue-cases.service.ts:17:30:
[37m      17 │     return this.cases.filter(([32mitem[37m) => item.featured);
         ╵                               [32m~~~~[0m


[31mX [41;31m[[41;97mERROR[41;31m][0m [1mTS7006: Parameter 'item' implicitly has an 'any' type.[0m [1m[35m[plugin angular-compiler][0m

    src/app/core/services/rescue-cases.service.ts:25:30:
[37m      25 │     return this.cases.filter(([32mitem[37m) => item.status === status);
         ╵                               [32m~~~~[0m


[31mX [41;31m[[41;97mERROR[41;31m][0m [1mCould not resolve "../../data/rescue-cases.data"[0m

    src/app/core/services/rescue-cases.service.ts:2:29:
[37m      2 │ import { RESCUE_CASES } from [32m'../../data/rescue-cases.data'[37m;
        ╵                              [32m~~~~~~~~~~~~~~~~~~~~~~~~~~~~~~[0m


[31mX [41;31m[[41;97mERROR[41;31m][0m [1mTS2307: Cannot find module '../../data/rescue-cases.data' or its corresponding type declarations.[0m [1m[35m[plugin angular-compiler][0m

    src/app/core/services/rescue-cases.service.ts:3:29:
[37m      3 │ import { RESCUE_CASES } from [32m'../../data/rescue-cases.data'[37m;
        ╵                              [32m~~~~~~~~~~~~~~~~~~~~~~~~~~~~~~[0m


[31mX [41;31m[[41;97mERROR[41;31m][0m [1mTS7006: Parameter 'item' implicitly has an 'any' type.[0m [1m[35m[plugin angular-compiler][0m

    src/app/core/services/rescue-cases.service.ts:13:28:
[37m      13 │     return this.cases.find(([32mitem[37m) => item.slug === slug);
         ╵                             [32m~~~~[0m


[31mX [41;31m[[41;97mERROR[41;31m][0m [1mTS7006: Parameter 'item' implicitly has an 'any' type.[0m [1m[35m[plugin angular-compiler][0m

    src/app/core/services/rescue-cases.service.ts:17:30:
[37m      17 │     return this.cases.filter(([32mitem[37m) => item.featured);
         ╵                               [32m~~~~[0m


[31mX [41;31m[[41;97mERROR[41;31m][0m [1mTS7006: Parameter 'item' implicitly has an 'any' type.[0m [1m[35m[plugin angular-compiler][0m

    src/app/core/services/rescue-cases.service.ts:25:30:
[37m      25 │     return this.cases.filter(([32mitem[37m) => item.status === status);
         ╵                               [32m~~~~[0m


[31mX [41;31m[[41;97mERROR[41;31m][0m [1mCould not resolve "../../data/rescue-cases.data"[0m

    src/app/core/services/rescue-cases.service.ts:2:29:
[37m      2 │ import { RESCUE_CASES } from [32m'../../data/rescue-cases.data'[37m;
        ╵                              [32m~~~~~~~~~~~~~~~~~~~~~~~~~~~~~~[0m


[31mX [41;31m[[41;97mERROR[41;31m][0m [1mTS2307: Cannot find module './cases/caso-pendiente-1.case' or its corresponding type declarations.[0m [1m[35m[plugin angular-compiler][0m

    src/app/data/rescue-cases.data.ts:3:38:
[37m      3 │ import { CASO_PENDIENTE_1_CASE } from [32m'./cases/caso-pendiente-1.case'[37m;
        ╵                                       [32m~~~~~~~~~~~~~~~~~~~~~~~~~~~~~~~[0m


[31mX [41;31m[[41;97mERROR[41;31m][0m [1mTS2307: Cannot find module './cases/caso-pendiente-2.case' or its corresponding type declarations.[0m [1m[35m[plugin angular-compiler][0m

    src/app/data/rescue-cases.data.ts:4:38:
[37m      4 │ import { CASO_PENDIENTE_2_CASE } from [32m'./cases/caso-pendiente-2.case'[37m;
        ╵                                       [32m~~~~~~~~~~~~~~~~~~~~~~~~~~~~~~~[0m


[31mX [41;31m[[41;97mERROR[41;31m][0m [1mTS2307: Cannot find module './cases/caso-pendiente-3.case' or its corresponding type declarations.[0m [1m[35m[plugin angular-compiler][0m

    src/app/data/rescue-cases.data.ts:5:38:
[37m      5 │ import { CASO_PENDIENTE_3_CASE } from [32m'./cases/caso-pendiente-3.case'[37m;
        ╵                                       [32m~~~~~~~~~~~~~~~~~~~~~~~~~~~~~~~[0m


[31mX [41;31m[[41;97mERROR[41;31m][0m [1mCould not resolve "./cases/caso-pendiente-1.case"[0m

    src/app/data/rescue-cases.data.ts:3:38:
[37m      3 │ import { CASO_PENDIENTE_1_CASE } from [32m'./cases/caso-pendiente-1.case'[37m;
        ╵                                       [32m~~~~~~~~~~~~~~~~~~~~~~~~~~~~~~~[0m


[31mX [41;31m[[41;97mERROR[41;31m][0m [1mCould not resolve "./cases/caso-pendiente-2.case"[0m

    src/app/data/rescue-cases.data.ts:4:38:
[37m      4 │ import { CASO_PENDIENTE_2_CASE } from [32m'./cases/caso-pendiente-2.case'[37m;
        ╵                                       [32m~~~~~~~~~~~~~~~~~~~~~~~~~~~~~~~[0m


[31mX [41;31m[[41;97mERROR[41;31m][0m [1mCould not resolve "./cases/caso-pendiente-3.case"[0m

    src/app/data/rescue-cases.data.ts:5:38:
[37m      5 │ import { CASO_PENDIENTE_3_CASE } from [32m'./cases/caso-pendiente-3.case'[37m;
        ╵                                       [32m~~~~~~~~~~~~~~~~~~~~~~~~~~~~~~~[0m


[31mX [41;31m[[41;97mERROR[41;31m][0m [1mTS2307: Cannot find module './cases/caso-pendiente-1.case' or its corresponding type declarations.[0m [1m[35m[plugin angular-compiler][0m

    src/app/data/rescue-cases.data.ts:3:38:
[37m      3 │ import { CASO_PENDIENTE_1_CASE } from [32m'./cases/caso-pendiente-1.case'[37m;
        ╵                                       [32m~~~~~~~~~~~~~~~~~~~~~~~~~~~~~~~[0m


[31mX [41;31m[[41;97mERROR[41;31m][0m [1mTS2307: Cannot find module './cases/caso-pendiente-2.case' or its corresponding type declarations.[0m [1m[35m[plugin angular-compiler][0m

    src/app/data/rescue-cases.data.ts:4:38:
[37m      4 │ import { CASO_PENDIENTE_2_CASE } from [32m'./cases/caso-pendiente-2.case'[37m;
        ╵                                       [32m~~~~~~~~~~~~~~~~~~~~~~~~~~~~~~~[0m


[31mX [41;31m[[41;97mERROR[41;31m][0m [1mTS2307: Cannot find module './cases/caso-pendiente-3.case' or its corresponding type declarations.[0m [1m[35m[plugin angular-compiler][0m

    src/app/data/rescue-cases.data.ts:5:38:
[37m      5 │ import { CASO_PENDIENTE_3_CASE } from [32m'./cases/caso-pendiente-3.case'[37m;
        ╵                                       [32m~~~~~~~~~~~~~~~~~~~~~~~~~~~~~~~[0m


[31mX [41;31m[[41;97mERROR[41;31m][0m [1mCould not resolve "./cases/caso-pendiente-1.case"[0m

    src/app/data/rescue-cases.data.ts:3:38:
[37m      3 │ import { CASO_PENDIENTE_1_CASE } from [32m'./cases/caso-pendiente-1.case'[37m;
        ╵                                       [32m~~~~~~~~~~~~~~~~~~~~~~~~~~~~~~~[0m


[31mX [41;31m[[41;97mERROR[41;31m][0m [1mCould not resolve "./cases/caso-pendiente-2.case"[0m

    src/app/data/rescue-cases.data.ts:4:38:
[37m      4 │ import { CASO_PENDIENTE_2_CASE } from [32m'./cases/caso-pendiente-2.case'[37m;
        ╵                                       [32m~~~~~~~~~~~~~~~~~~~~~~~~~~~~~~~[0m


[31mX [41;31m[[41;97mERROR[41;31m][0m [1mCould not resolve "./cases/caso-pendiente-3.case"[0m

    src/app/data/rescue-cases.data.ts:5:38:
[37m      5 │ import { CASO_PENDIENTE_3_CASE } from [32m'./cases/caso-pendiente-3.case'[37m;
        ╵                                       [32m~~~~~~~~~~~~~~~~~~~~~~~~~~~~~~~[0m


[31mX [41;31m[[41;97mERROR[41;31m][0m [1mTS2307: Cannot find module './cases/caso-pendiente-1.case' or its corresponding type declarations.[0m [1m[35m[plugin angular-compiler][0m

    src/app/data/rescue-cases.data.ts:3:38:
[37m      3 │ import { CASO_PENDIENTE_1_CASE } from [32m'./cases/caso-pendiente-1.case'[37m;
        ╵                                       [32m~~~~~~~~~~~~~~~~~~~~~~~~~~~~~~~[0m


[31mX [41;31m[[41;97mERROR[41;31m][0m [1mTS2307: Cannot find module './cases/caso-pendiente-2.case' or its corresponding type declarations.[0m [1m[35m[plugin angular-compiler][0m

    src/app/data/rescue-cases.data.ts:4:38:
[37m      4 │ import { CASO_PENDIENTE_2_CASE } from [32m'./cases/caso-pendiente-2.case'[37m;
        ╵                                       [32m~~~~~~~~~~~~~~~~~~~~~~~~~~~~~~~[0m


[31mX [41;31m[[41;97mERROR[41;31m][0m [1mTS2307: Cannot find module './cases/caso-pendiente-3.case' or its corresponding type declarations.[0m [1m[35m[plugin angular-compiler][0m

    src/app/data/rescue-cases.data.ts:5:38:
[37m      5 │ import { CASO_PENDIENTE_3_CASE } from [32m'./cases/caso-pendiente-3.case'[37m;
        ╵                                       [32m~~~~~~~~~~~~~~~~~~~~~~~~~~~~~~~[0m


[31mX [41;31m[[41;97mERROR[41;31m][0m [1mCould not resolve "./cases/caso-pendiente-1.case"[0m

    src/app/data/rescue-cases.data.ts:3:38:
[37m      3 │ import { CASO_PENDIENTE_1_CASE } from [32m'./cases/caso-pendiente-1.case'[37m;
        ╵                                       [32m~~~~~~~~~~~~~~~~~~~~~~~~~~~~~~~[0m


[31mX [41;31m[[41;97mERROR[41;31m][0m [1mCould not resolve "./cases/caso-pendiente-2.case"[0m

    src/app/data/rescue-cases.data.ts:4:38:
[37m      4 │ import { CASO_PENDIENTE_2_CASE } from [32m'./cases/caso-pendiente-2.case'[37m;
        ╵                                       [32m~~~~~~~~~~~~~~~~~~~~~~~~~~~~~~~[0m


[31mX [41;31m[[41;97mERROR[41;31m][0m [1mCould not resolve "./cases/caso-pendiente-3.case"[0m

    src/app/data/rescue-cases.data.ts:5:38:
[37m      5 │ import { CASO_PENDIENTE_3_CASE } from [32m'./cases/caso-pendiente-3.case'[37m;
        ╵                                       [32m~~~~~~~~~~~~~~~~~~~~~~~~~~~~~~~[0m


[31mX [41;31m[[41;97mERROR[41;31m][0m [1mTS2307: Cannot find module './cases/caso-pendiente-1.case' or its corresponding type declarations.[0m [1m[35m[plugin angular-compiler][0m

    src/app/data/rescue-cases.data.ts:3:38:
[37m      3 │ import { CASO_PENDIENTE_1_CASE } from [32m'./cases/caso-pendiente-1.case'[37m;
        ╵                                       [32m~~~~~~~~~~~~~~~~~~~~~~~~~~~~~~~[0m


[31mX [41;31m[[41;97mERROR[41;31m][0m [1mTS2307: Cannot find module './cases/caso-pendiente-2.case' or its corresponding type declarations.[0m [1m[35m[plugin angular-compiler][0m

    src/app/data/rescue-cases.data.ts:4:38:
[37m      4 │ import { CASO_PENDIENTE_2_CASE } from [32m'./cases/caso-pendiente-2.case'[37m;
        ╵                                       [32m~~~~~~~~~~~~~~~~~~~~~~~~~~~~~~~[0m


[31mX [41;31m[[41;97mERROR[41;31m][0m [1mTS2307: Cannot find module './cases/caso-pendiente-3.case' or its corresponding type declarations.[0m [1m[35m[plugin angular-compiler][0m

    src/app/data/rescue-cases.data.ts:5:38:
[37m      5 │ import { CASO_PENDIENTE_3_CASE } from [32m'./cases/caso-pendiente-3.case'[37m;
        ╵                                       [32m~~~~~~~~~~~~~~~~~~~~~~~~~~~~~~~[0m


[31mX [41;31m[[41;97mERROR[41;31m][0m [1mCould not resolve "./cases/caso-pendiente-1.case"[0m

    src/app/data/rescue-cases.data.ts:3:38:
[37m      3 │ import { CASO_PENDIENTE_1_CASE } from [32m'./cases/caso-pendiente-1.case'[37m;
        ╵                                       [32m~~~~~~~~~~~~~~~~~~~~~~~~~~~~~~~[0m


[31mX [41;31m[[41;97mERROR[41;31m][0m [1mCould not resolve "./cases/caso-pendiente-2.case"[0m

    src/app/data/rescue-cases.data.ts:4:38:
[37m      4 │ import { CASO_PENDIENTE_2_CASE } from [32m'./cases/caso-pendiente-2.case'[37m;
        ╵                                       [32m~~~~~~~~~~~~~~~~~~~~~~~~~~~~~~~[0m


[31mX [41;31m[[41;97mERROR[41;31m][0m [1mCould not resolve "./cases/caso-pendiente-3.case"[0m

    src/app/data/rescue-cases.data.ts:5:38:
[37m      5 │ import { CASO_PENDIENTE_3_CASE } from [32m'./cases/caso-pendiente-3.case'[37m;
        ╵                                       [32m~~~~~~~~~~~~~~~~~~~~~~~~~~~~~~~[0m


[31mX [41;31m[[41;97mERROR[41;31m][0m [1mTS2307: Cannot find module '../../shared/components/case-gallery/case-gallery.component' or its corresponding type declarations.[0m [1m[35m[plugin angular-compiler][0m

    src/app/features/case-detail/case-detail-page.component.ts:11:37:
[37m      11 │ ...nt } from [32m'../../shared/components/case-gallery/case-gallery.co[37m...
         ╵              [32m~~~~~~~~~~~~~~~~~~~~~~~~~~~~~~~~~~~~~~~~~~~~~~~~~~~~~[0m


[31mX [41;31m[[41;97mERROR[41;31m][0m [1mNG1010: 'imports' must be an array of components, directives, pipes, or NgModules.
  Value could not be determined statically.[0m [1m[35m[plugin angular-compiler][0m

    src/app/features/case-detail/case-detail-page.component.ts:26:4:
[37m      26 │     [32mCaseGalleryComponent[37m,
         ╵     [32m~~~~~~~~~~~~~~~~~~~~[0m

  Unknown reference.

    src/app/features/case-detail/case-detail-page.component.ts:26:4:
[37m      26 │     [32mCaseGalleryComponent[37m,
         ╵     [32m~~~~~~~~~~~~~~~~~~~~[0m


[31mX [41;31m[[41;97mERROR[41;31m][0m [1mCould not resolve "../../shared/components/case-gallery/case-gallery.component"[0m

    src/app/features/case-detail/case-detail-page.component.ts:10:37:
[37m      10 │ ...nt } from [32m'../../shared/components/case-gallery/case-gallery.co[37m...
         ╵              [32m~~~~~~~~~~~~~~~~~~~~~~~~~~~~~~~~~~~~~~~~~~~~~~~~~~~~~[0m


[31mX [41;31m[[41;97mERROR[41;31m][0m [1mTS2307: Cannot find module '../../shared/components/case-gallery/case-gallery.component' or its corresponding type declarations.[0m [1m[35m[plugin angular-compiler][0m

    src/app/features/case-detail/case-detail-page.component.ts:11:37:
[37m      11 │ ...nt } from [32m'../../shared/components/case-gallery/case-gallery.co[37m...
         ╵              [32m~~~~~~~~~~~~~~~~~~~~~~~~~~~~~~~~~~~~~~~~~~~~~~~~~~~~~[0m


[31mX [41;31m[[41;97mERROR[41;31m][0m [1mNG1010: 'imports' must be an array of components, directives, pipes, or NgModules.
  Value could not be determined statically.[0m [1m[35m[plugin angular-compiler][0m

    src/app/features/case-detail/case-detail-page.component.ts:26:4:
[37m      26 │     [32mCaseGalleryComponent[37m,
         ╵     [32m~~~~~~~~~~~~~~~~~~~~[0m

  Unknown reference.

    src/app/features/case-detail/case-detail-page.component.ts:26:4:
[37m      26 │     [32mCaseGalleryComponent[37m,
         ╵     [32m~~~~~~~~~~~~~~~~~~~~[0m


[31mX [41;31m[[41;97mERROR[41;31m][0m [1mCould not resolve "../../shared/components/case-gallery/case-gallery.component"[0m

    src/app/features/case-detail/case-detail-page.component.ts:10:37:
[37m      10 │ ...nt } from [32m'../../shared/components/case-gallery/case-gallery.co[37m...
         ╵              [32m~~~~~~~~~~~~~~~~~~~~~~~~~~~~~~~~~~~~~~~~~~~~~~~~~~~~~[0m


[31mX [41;31m[[41;97mERROR[41;31m][0m [1mTS2307: Cannot find module '../../shared/components/case-gallery/case-gallery.component' or its corresponding type declarations.[0m [1m[35m[plugin angular-compiler][0m

    src/app/features/case-detail/case-detail-page.component.ts:11:37:
[37m      11 │ ...nt } from [32m'../../shared/components/case-gallery/case-gallery.co[37m...
         ╵              [32m~~~~~~~~~~~~~~~~~~~~~~~~~~~~~~~~~~~~~~~~~~~~~~~~~~~~~[0m


[31mX [41;31m[[41;97mERROR[41;31m][0m [1mNG1010: 'imports' must be an array of components, directives, pipes, or NgModules.
  Value could not be determined statically.[0m [1m[35m[plugin angular-compiler][0m

    src/app/features/case-detail/case-detail-page.component.ts:26:4:
[37m      26 │     [32mCaseGalleryComponent[37m,
         ╵     [32m~~~~~~~~~~~~~~~~~~~~[0m

  Unknown reference.

    src/app/features/case-detail/case-detail-page.component.ts:26:4:
[37m      26 │     [32mCaseGalleryComponent[37m,
         ╵     [32m~~~~~~~~~~~~~~~~~~~~[0m


[31mX [41;31m[[41;97mERROR[41;31m][0m [1mCould not resolve "../../shared/components/case-gallery/case-gallery.component"[0m

    src/app/features/case-detail/case-detail-page.component.ts:10:37:
[37m      10 │ ...nt } from [32m'../../shared/components/case-gallery/case-gallery.co[37m...
         ╵              [32m~~~~~~~~~~~~~~~~~~~~~~~~~~~~~~~~~~~~~~~~~~~~~~~~~~~~~[0m


